// Jest Snapshot v1, https://goo.gl/fbAQLP

exports[`Code Scanner renders without crashing 1`] = `
<View
  style={
    Object {
      "alignItems": "center",
      "backgroundColor": "#fff",
      "flex": 1,
      "justifyContent": "center",
    }
  }
>
  <Text
    accessible={true}
    allowFontScaling={true}
    ellipsizeMode="tail"
    style={
      Object {
        "fontSize": 15,
        "textAlign": "center",
      }
    }
  >
    Some machines have a QR code located on it. 
 Scan the code using the scanner below to receive more information about the machine.




  </Text>
  <Text
    accessible={true}
    allowFontScaling={true}
    ellipsizeMode="tail"
  >
    Requesting for camera permission
  </Text>
</View>
`;
